<html>
<body>
<pre>
<h1>µVision Build Log</h1>
<h2>Tool Versions:</h2>
IDE-Version: ¦ÌVision V5.36.0.0
Copyright (C) 2021 ARM Ltd and ARM Germany GmbH. All rights reserved.
License Information: JL Du, SICNU, LIC=X96CK-ZF7T0-SBXEJ-UI6YH-6GJ9J-UC76W
 
Tool Versions:
Toolchain:       MDK-ARM Plus  Version: 5.36.0.0
Toolchain Path:  C:\Keil_v5\ARM\ARMCC\Bin
C Compiler:      Armcc.exe V5.06 update 7 (build 960)
Assembler:       Armasm.exe V5.06 update 7 (build 960)
Linker/Locator:  ArmLink.exe V5.06 update 7 (build 960)
Library Manager: ArmAr.exe V5.06 update 7 (build 960)
Hex Converter:   FromElf.exe V5.06 update 7 (build 960)
CPU DLL:         SARMCM3.DLL V5.36.0.0
Dialog DLL:      DCM.DLL V1.17.3.0
Target DLL:      CMSIS_AGDI.dll V1.33.0.0
Dialog DLL:      TCM.DLL V1.53.0.0
 
<h2>Project:</h2>
D:\Github\RPC_Auto\Template\Keil_project\Project.uvprojx
Project File Date:  11/28/2021

<h2>Output:</h2>
*** Using Compiler 'V5.06 update 7 (build 960)', folder: 'C:\Keil_v5\ARM\ARMCC\Bin'
Rebuild target 'GD32F130_150'
compiling systick.c...
compiling gd32f1x0_it.c...
compiling main.c...
assembling startup_gd32f1x0.s...
compiling gd32f1x0_can.c...
compiling system_gd32f1x0.c...
compiling gd32f1x0_adc.c...
compiling gd32f1x0_cec.c...
compiling gd32f1x0_cmp.c...
compiling gd32f1x0_crc.c...
compiling gd32f1x0_dbg.c...
compiling gd32f1x0_dac.c...
compiling gd32f1x0_dma.c...
compiling gd32f1x0_exti.c...
compiling gd32f1x0_fmc.c...
compiling gd32f1x0_fwdgt.c...
compiling gd32f1x0_ivref.c...
compiling gd32f1x0_gpio.c...
compiling gd32f1x0_i2c.c...
compiling gd32f1x0_opa.c...
compiling gd32f1x0_misc.c...
compiling gd32f1x0_pmu.c...
compiling gd32f1x0_slcd.c...
compiling gd32f1x0_rcu.c...
compiling gd32f1x0_rtc.c...
compiling gd32f1x0_syscfg.c...
compiling gd32f1x0_spi.c...
compiling gd32f1x0_timer.c...
compiling gd32f1x0_tsi.c...
compiling gd32f1x0_usart.c...
compiling gd32f1x0_wwdgt.c...
compiling gd32f1x0_eval.c...
linking...
Program Size: Code=10068 RO-data=876 RW-data=256 ZI-data=1448  
FromELF: creating hex file...
".\output\Project.axf" - 0 Error(s), 0 Warning(s).

<h2>Software Packages used:</h2>

Package Vendor: ARM
                http://www.keil.com/pack/ARM.CMSIS.5.8.0.pack
                ARM.CMSIS.5.8.0
                CMSIS (Common Microcontroller Software Interface Standard)
   * Component: CORE Version: 5.5.0

Package Vendor: GigaDevice
                http://gd32mcu.com/data/documents/pack/GigaDevice.GD32F1x0_DFP.3.2.0.pack
                GigaDevice.GD32F1x0_DFP.3.2.0
                GigaDevice GD32F1x0 Series Device Support and Examples

<h2>Collection of Component include folders:</h2>
  .\RTE\_GD32F130_150
  C:\Users\20180\AppData\Local\Arm\Packs\ARM\CMSIS\5.8.0\CMSIS\Core\Include
  C:\Users\20180\AppData\Local\Arm\Packs\GigaDevice\GD32F1x0_DFP\3.2.0\Device\Include

<h2>Collection of Component Files used:</h2>

   * Component: ARM::CMSIS:CORE:5.5.0
Build Time Elapsed:  00:00:20
</pre>
</body>
</html>
