<html>
<body>
<pre>
<h1>µVision Build Log</h1>
<h2>Tool Versions:</h2>
IDE-Version: ¦ÌVision V5.20.0.0
Copyright (C) 2016 ARM Ltd and ARM Germany GmbH. All rights reserved.
License Information: D DL, D, LIC=SDA0P-MCN88-DYSV3-ASZPT-3ZTP5-EBWTL
 
Tool Versions:
Toolchain:       MDK-ARM Plus  Version: 5.20
Toolchain Path:  C:\Keil_v5\ARM\ARMCC\Bin
C Compiler:      Armcc.exe V5.06 update 2 (build 183)
Assembler:       Armasm.exe V5.06 update 2 (build 183)
Linker/Locator:  ArmLink.exe V5.06 update 2 (build 183)
Library Manager: ArmAr.exe V5.06 update 2 (build 183)
Hex Converter:   FromElf.exe V5.06 update 2 (build 183)
CPU DLL:         SARMCM3.DLL V5.20
Dialog DLL:      DCM.DLL V1.13.7.0
Target DLL:      CMSIS_AGDI.dll V1.25.20.0
Dialog DLL:      TCM.DLL V1.14.9.0
 
<h2>Project:</h2>
D:\Project\McuProject\GD\AUTO_Final\Template\Keil_project\Project.uvprojx
Project File Date:  04/08/2021

<h2>Output:</h2>
*** Using Compiler 'V5.06 update 2 (build 183)', folder: 'C:\Keil_v5\ARM\ARMCC\Bin'
Rebuild target 'GD32F130_150'
compiling systick.c...
compiling gd32f1x0_it.c...
compiling main.c...
..\main.c(363): warning:  #223-D: function "abs" declared implicitly
                      if (abs(temp_ad_ch - temp_ad_Fire) < 40)
..\main.c(396): warning:  #223-D: function "abs" declared implicitly
                      if (abs(temp_ad_ch - temp_ad_Fire) < 40)
..\main.c(429): warning:  #223-D: function "abs" declared implicitly
                      if (abs(temp_ad_ch - temp_ad_Fire) < 40)
..\main.c: 3 warnings, 0 errors
assembling startup_gd32f1x0.s...
compiling gd32f1x0_can.c...
compiling system_gd32f1x0.c...
compiling gd32f1x0_adc.c...
compiling gd32f1x0_cec.c...
compiling gd32f1x0_cmp.c...
compiling gd32f1x0_crc.c...
compiling gd32f1x0_dac.c...
compiling gd32f1x0_dbg.c...
compiling gd32f1x0_dma.c...
compiling gd32f1x0_exti.c...
compiling gd32f1x0_fmc.c...
compiling gd32f1x0_fwdgt.c...
compiling gd32f1x0_gpio.c...
compiling gd32f1x0_ivref.c...
compiling gd32f1x0_i2c.c...
compiling gd32f1x0_opa.c...
compiling gd32f1x0_misc.c...
compiling gd32f1x0_pmu.c...
compiling gd32f1x0_rcu.c...
compiling gd32f1x0_slcd.c...
compiling gd32f1x0_rtc.c...
compiling gd32f1x0_spi.c...
compiling gd32f1x0_syscfg.c...
compiling gd32f1x0_timer.c...
compiling gd32f1x0_tsi.c...
compiling gd32f1x0_usart.c...
compiling gd32f1x0_wwdgt.c...
compiling gd32f1x0_eval.c...
linking...
Program Size: Code=10060 RO-data=876 RW-data=256 ZI-data=1448  
FromELF: creating hex file...
".\output\Project.axf" - 0 Error(s), 3 Warning(s).

<h2>Software Packages used:</h2>

Package Vendor: ARM
                http://www.keil.com/pack/ARM.CMSIS.4.5.0.pack
                ARM::CMSIS:CORE:4.3.0
                CMSIS (Cortex Microcontroller Software Interface Standard)
   * Component: CORE Version: 4.3.0

<h2>Collection of Component include folders:</h2>
  D:\Project\McuProject\GD\AUTO_Final\Template\Keil_project\RTE
  C:\Keil_v5\ARM\PACK\ARM\CMSIS\4.5.0\CMSIS\Include
  C:\Keil_v5\ARM\PACK\GigaDevice\GD32F1x0_DFP\3.2.0\Device\Include

<h2>Collection of Component Files used:</h2>

   * Component: ARM::CMSIS:CORE:4.3.0
Build Time Elapsed:  00:00:17
</pre>
</body>
</html>
